Initializing...
Loading settings...
Checking RPC connectivity...
Compiling workflow...
✓ Workflow compiled
✓ Simulation limits enabled
  HTTP: req=120kb resp=250kb timeout=10s | ConfHTTP: req=125kb resp=500kb timeout=1m30s | Consensus obs=25kb | ChainWrite evm_report=50kb evm_gas=10000000 solana_report=265b solana_cu=300000 | WASM binary=100mb compressed=20mb
  Binary hash: dd4a932ef711da10731858a7a0999088dbbf0a569ebe9f4afaeed68ce8a1839f
  Config hash: 0efe81ee7c63a4507364ed5786e05d9439687033e28f4222354125753f5b6e1a
✓ Parsed JSON input successfully
✓ Created HTTP trigger payload with 3 fields
2026-10-06T22:50:56Z [SIMULATION] Simulator Initialized
2026-10-06T22:50:56Z [SIMULATION] Running trigger trigger=http-trigger@1.0.0-alpha
╭────────────────────────────────────────────────────────────────────────────────────────────────────╮
│ Trigger requested TEE Execution your trigger will run in one of the following Tees:                │
│     - AWS Nitro in us-west-2                                                                       │
│ The simulator is not a real TEE, and is meant to debug.                                            │
│ Do not use it for sensitive information.                                                           │
│ During real execution, user logs for this trigger will not be visible, and will not leave the TEE. │
│ They are presented in the simulator for debugging only.                                            │
│                                                                                                    │
╰────────────────────────────────────────────────────────────────────────────────────────────────────╯
2026-10-06T22:50:56Z [USER LOG] credit file received
2026-10-06T22:50:56Z [USER LOG] registry: document found, buyer confirmed
2026-10-06T22:50:56Z [USER LOG] sanctions screening: no match
2026-10-06T22:50:56Z [USER LOG] scorecard: grade A, approved
2026-10-06T22:50:57Z [USER LOG] EUR/USD 1.1270 from the data feed
2026-10-06T22:51:01Z [USER LOG] report delivered: action=1 tx=0x22db61cd6b673ff91f987affe6d3bc249de0aafd3e7d5c6f05d7367aa5069d30
✓ Workflow Simulation Result:
"{\"listed\":true,\"docNumber\":\"INV-2026-0142\",\"grade\":\"A\",\"aprBps\":900,\"tenorDays\":60,\"currency\":\"EUR\",\"fxRateE8\":\"112702500\",\"target\":\"9382000000\",\"tx\":\"0x22db61cd6b673ff91f987affe6d3bc249de0aafd3e7d5c6f05d7367aa5069d30\"}"
2026-10-06T22:51:01Z [SIMULATION] Execution finished signal received
2026-10-06T22:51:01Z [SIMULATION] Skipping WorkflowEngineV2
╭──────────────────────────────────────────────────────╮
│ Simulation complete! Ready to deploy your workflow?  │
│                                                      │
│ Run cre account access to request deployment access. │
╰──────────────────────────────────────────────────────╯
