✓ Workflow compiled
✓ Simulation limits enabled
  HTTP: req=120kb resp=250kb timeout=10s | ConfHTTP: req=125kb resp=500kb timeout=1m30s | Consensus obs=25kb | ChainWrite evm_report=50kb evm_gas=10000000 solana_report=265b solana_cu=300000 | WASM binary=100mb compressed=20mb
  Binary hash: 2b79de20f64c876759dfa51d0172a2b1fd6ff3a33303008e7138b5c66e1da7f1
  Config hash: 23287e2abdbcf2e988143665ef676b9c6b1ae048d53f9a75048755c474c26134
✓ Parsed JSON input successfully
✓ Created HTTP trigger payload with 3 fields
2026-10-06T19:24:58Z [SIMULATION] Simulator Initialized
2026-10-06T19:24:58Z [SIMULATION] Running trigger trigger=http-trigger@1.0.0-alpha
╭────────────────────────────────────────────────────────────────────────────────────────────────────╮
│ Trigger requested TEE Execution your trigger will run in one of the following Tees:                │
│     - AWS Nitro in us-west-2                                                                       │
│ The simulator is not a real TEE, and is meant to debug.                                            │
│ Do not use it for sensitive information.                                                           │
│ During real execution, user logs for this trigger will not be visible, and will not leave the TEE. │
│ They are presented in the simulator for debugging only.                                            │
│                                                                                                    │
╰────────────────────────────────────────────────────────────────────────────────────────────────────╯
2026-10-06T19:24:58Z [USER LOG] listing rejected for INV-2026-0999: buyer has not confirmed the document
✓ Workflow Simulation Result:
"{\"listed\":false,\"docNumber\":\"INV-2026-0999\",\"reason\":\"buyer has not confirmed the document\"}"
2026-10-06T19:24:58Z [SIMULATION] Execution finished signal received
2026-10-06T19:24:58Z [SIMULATION] Skipping WorkflowEngineV2
╭──────────────────────────────────────────────────────╮
│ Simulation complete! Ready to deploy your workflow?  │
│                                                      │
│ Run cre account access to request deployment access. │
╰──────────────────────────────────────────────────────╯
Initializing...
Loading settings...
Checking RPC connectivity...
Compiling workflow...
