Initializing...
Loading settings...
Checking RPC connectivity...
Compiling workflow...
✓ Workflow compiled
✓ Simulation limits enabled
  HTTP: req=120kb resp=250kb timeout=10s | ConfHTTP: req=125kb resp=500kb timeout=1m30s | Consensus obs=25kb | ChainWrite evm_report=50kb evm_gas=10000000 solana_report=265b solana_cu=300000 | WASM binary=100mb compressed=20mb
  Binary hash: ebe1c50677d3a4f4bf3962de31e9489d268e30ae6011c81aaabe20a48b2fe75f
  Config hash: 56e178e8bbdfa66730c744471b115e5f4f0db1dbce5d2cc1f9972275eb2d297e
✓ Parsed JSON input successfully
✓ Created HTTP trigger payload with 1 fields
2026-10-07T13:56:06Z [SIMULATION] Simulator Initialized
2026-10-07T13:56:06Z [SIMULATION] Running trigger trigger=http-trigger@1.0.0-alpha
2026-10-07T13:56:06Z [USER LOG] KYC file received: approved
2026-10-07T13:56:13Z [USER LOG] report delivered: action=2 tx=0xdc7197da613b7a3eda6e1b8e5f5632b8fadfecdc55a81052d9832d59e342462b
2026-10-07T13:56:14Z [USER LOG] KYC claim issued, wallet registered in the ERC-3643 identity registry (country 724)
✓ Workflow Simulation Result:
"{\"verified\":true,\"lenderId\":\"lender-ana-ruiz-sutw\",\"wallet\":\"0xa6778D665d72B4bCd0DB1f2bBf20dD21Eae624F2\",\"level\":\"retail-verified\",\"country\":724,\"identityVerified\":true,\"tx\":\"0xdc7197da613b7a3eda6e1b8e5f5632b8fadfecdc55a81052d9832d59e342462b\"}"
2026-10-07T13:56:14Z [SIMULATION] Execution finished signal received
2026-10-07T13:56:14Z [SIMULATION] Skipping WorkflowEngineV2
╭──────────────────────────────────────────────────────╮
│ Simulation complete! Ready to deploy your workflow?  │
│                                                      │
│ Run cre account access to request deployment access. │
╰──────────────────────────────────────────────────────╯
