✓ Workflow compiled
✓ Simulation limits enabled
  HTTP: req=120kb resp=250kb timeout=10s | ConfHTTP: req=125kb resp=500kb timeout=1m30s | Consensus obs=25kb | ChainWrite evm_report=50kb evm_gas=10000000 solana_report=265b solana_cu=300000 | WASM binary=100mb compressed=20mb
  Binary hash: 8262c0cee0c6f8c487cf0a5f7bbf202e91924bc1c3716d7e3b223fbfab4f0e46
  Config hash: e0ea942d0ab3ba20eaf96d384b680986931aa9ac61b2c63154b8cf6ad8fed335
✓ Parsed JSON input successfully
✓ Created HTTP trigger payload with 1 fields
2026-10-06T19:26:59Z [SIMULATION] Simulator Initialized
2026-10-06T19:26:59Z [SIMULATION] Running trigger trigger=http-trigger@1.0.0-alpha
2026-10-06T19:27:14Z [USER LOG] report delivered: action=2 tx=0x86281e86ea065fd39720d26af3e6747c5cb96a55eba6189614c2bae313d89431
✓ Workflow Simulation Result:
"{\"verified\":true,\"lenderId\":\"lender-ben\",\"wallet\":\"0xc6DaAC7A1Eb1AA94124FC540Bf3Ec127847af91A\",\"level\":\"accredited\",\"tx\":\"0x86281e86ea065fd39720d26af3e6747c5cb96a55eba6189614c2bae313d89431\"}"
2026-10-06T19:27:14Z [SIMULATION] Execution finished signal received
2026-10-06T19:27:14Z [SIMULATION] Skipping WorkflowEngineV2
╭──────────────────────────────────────────────────────╮
│ Simulation complete! Ready to deploy your workflow?  │
│                                                      │
│ Run cre account access to request deployment access. │
╰──────────────────────────────────────────────────────╯
Initializing...
Loading settings...
Checking RPC connectivity...
Compiling workflow...
