✓ Workflow compiled
✓ Simulation limits enabled
  HTTP: req=120kb resp=250kb timeout=10s | ConfHTTP: req=125kb resp=500kb timeout=1m30s | Consensus obs=25kb | ChainWrite evm_report=50kb evm_gas=10000000 solana_report=265b solana_cu=300000 | WASM binary=100mb compressed=20mb
  Binary hash: 5fb096034d65cee6b2c8653d888a7b112632dfedd487a90c695920edf9a5e487
  Config hash: 2e6c1511e3f55f82f4cbbf05a914c0c690fd53fb51849da980eb8b41d6c4fd5c
✓ Parsed JSON input successfully
✓ Created HTTP trigger payload with 2 fields
2026-10-06T19:29:07Z [SIMULATION] Simulator Initialized
2026-10-06T19:29:07Z [SIMULATION] Running trigger trigger=http-trigger@1.0.0-alpha
2026-10-06T19:29:26Z [USER LOG] report delivered: action=5 tx=0x460e3683564ac6a484a5d80972b7a2a7570d0d642d3b0b9ec7fa2dddef207039
✓ Workflow Simulation Result:
"{\"repaid\":true,\"loanId\":1,\"reference\":\"PAY-1-MUWLIHSE\",\"payer\":\"Kaffeehaus Berlin GmbH\",\"amount\":\"9473100000\",\"sources\":[\"collection bank\",\"payment processor\"],\"tx\":\"0x460e3683564ac6a484a5d80972b7a2a7570d0d642d3b0b9ec7fa2dddef207039\"}"
2026-10-06T19:29:26Z [SIMULATION] Execution finished signal received
2026-10-06T19:29:26Z [SIMULATION] Skipping WorkflowEngineV2
╭──────────────────────────────────────────────────────╮
│ Simulation complete! Ready to deploy your workflow?  │
│                                                      │
│ Run cre account access to request deployment access. │
╰──────────────────────────────────────────────────────╯
Initializing...
Loading settings...
Checking RPC connectivity...
Compiling workflow...
