Initializing...
Loading settings...
Checking RPC connectivity...
Compiling workflow...
✓ Workflow compiled
✓ Simulation limits enabled
  HTTP: req=120kb resp=250kb timeout=10s | ConfHTTP: req=125kb resp=500kb timeout=1m30s | Consensus obs=25kb | ChainWrite evm_report=50kb evm_gas=10000000 solana_report=265b solana_cu=300000 | WASM binary=100mb compressed=20mb
  Binary hash: fb603238652f43693ddef68b1bcb71e1c19f7b10bfe5db665215b2673365fdd7
  Config hash: 7d1a0a7521aa29a0f4e2a0fe5bc3006f0e9927736c49ed26e55bf6d88b75da40
Fetching transaction receipt for 0x9220523c418194706a25059f270312ef98f22677ff56df1f722586a20caf4485...
2026-10-07T13:58:24Z [SIMULATION] Simulator Initialized
2026-10-07T13:58:24Z [SIMULATION] Running trigger trigger=evm:ChainSelector:16015286601757825753@1.0.0
2026-10-07T13:58:25Z [USER LOG] fiat payout PO-B-00001 sent to 0xc50Fd2d06988df50c59939178a0ca08770Eb6794 for loan 1 (INV-2026-0142)
2026-10-07T13:58:37Z [USER LOG] report delivered: action=4 tx=0x88391637b3c6b5ed6e427deeed506208180e278aa5a91263eeeb728f8b19ce44
✓ Workflow Simulation Result:
"{\"disbursed\":true,\"loanId\":\"1\",\"ref\":\"INV-2026-0142\",\"amount\":\"9382000000\",\"payoutRef\":\"PO-B-00001\",\"tx\":\"0x88391637b3c6b5ed6e427deeed506208180e278aa5a91263eeeb728f8b19ce44\"}"
2026-10-07T13:58:37Z [SIMULATION] Execution finished signal received
2026-10-07T13:58:37Z [SIMULATION] Skipping WorkflowEngineV2
╭──────────────────────────────────────────────────────╮
│ Simulation complete! Ready to deploy your workflow?  │
│                                                      │
│ Run cre account access to request deployment access. │
╰──────────────────────────────────────────────────────╯
