✓ Workflow compiled
✓ Simulation limits enabled
  HTTP: req=120kb resp=250kb timeout=10s | ConfHTTP: req=125kb resp=500kb timeout=1m30s | Consensus obs=25kb | ChainWrite evm_report=50kb evm_gas=10000000 solana_report=265b solana_cu=300000 | WASM binary=100mb compressed=20mb
  Binary hash: 5fb096034d65cee6b2c8653d888a7b112632dfedd487a90c695920edf9a5e487
  Config hash: 2e6c1511e3f55f82f4cbbf05a914c0c690fd53fb51849da980eb8b41d6c4fd5c
2026-10-06T19:33:35Z [SIMULATION] Simulator Initialized
2026-10-06T19:33:35Z [SIMULATION] Running trigger trigger=evm:ChainSelector:16015286601757825753@1.0.0
2026-10-06T19:33:36Z [USER LOG] fiat payout PO-B-00003 sent to 0x317fbcCc401120fc761115dC76762F75Da655aE9 for loan 2 (INV-2026-0388)
2026-10-06T19:33:48Z [USER LOG] report delivered: action=4 tx=0x6d04449761b6a24cc68df1f664f44d0b5f08da8d54a0c4855192d8555203d954
✓ Workflow Simulation Result:
"{\"disbursed\":true,\"loanId\":\"2\",\"ref\":\"INV-2026-0388\",\"amount\":\"3200000000\",\"payoutRef\":\"PO-B-00003\",\"tx\":\"0x6d04449761b6a24cc68df1f664f44d0b5f08da8d54a0c4855192d8555203d954\"}"
2026-10-06T19:33:48Z [SIMULATION] Execution finished signal received
2026-10-06T19:33:48Z [SIMULATION] Skipping WorkflowEngineV2
╭──────────────────────────────────────────────────────╮
│ Simulation complete! Ready to deploy your workflow?  │
│                                                      │
│ Run cre account access to request deployment access. │
╰──────────────────────────────────────────────────────╯
Initializing...
Loading settings...
Checking RPC connectivity...
Compiling workflow...
Fetching transaction receipt for 0xd017a12911e66f065c0957458e0602a86a771208c24db9e870bf77ec541aeabf...
