Initializing...
Loading settings...
Checking RPC connectivity...
Compiling workflow...
✓ Workflow compiled
✓ Simulation limits enabled
  HTTP: req=120kb resp=250kb timeout=10s | ConfHTTP: req=125kb resp=500kb timeout=1m30s | Consensus obs=25kb | ChainWrite evm_report=50kb evm_gas=10000000 solana_report=265b solana_cu=300000 | WASM binary=100mb compressed=20mb
  Binary hash: 10bf6dd22c78a7325794dc37e8ab94c1de507a7323ba2c51fe8a21098d600f61
  Config hash: 74715e6e24c33d18eea2a615f7e78cd60fc6fd4e4bcd86d98e92ff2a9f97f9f8
✓ Parsed JSON input successfully
✓ Created HTTP trigger payload with 3 fields
2026-10-07T14:03:44Z [SIMULATION] Simulator Initialized
2026-10-07T14:03:44Z [SIMULATION] Running trigger trigger=http-trigger@1.0.0-alpha
╭────────────────────────────────────────────────────────────────────────────────────────────────────╮
│ Trigger requested TEE Execution your trigger will run in one of the following Tees:                │
│     - AWS Nitro in us-west-2                                                                       │
│ The simulator is not a real TEE, and is meant to debug.                                            │
│ Do not use it for sensitive information.                                                           │
│ During real execution, user logs for this trigger will not be visible, and will not leave the TEE. │
│ They are presented in the simulator for debugging only.                                            │
│                                                                                                    │
╰────────────────────────────────────────────────────────────────────────────────────────────────────╯
2026-10-07T14:03:44Z [USER LOG] credit file received
2026-10-07T14:03:44Z [USER LOG] registry: document found, buyer confirmed
2026-10-07T14:03:44Z [USER LOG] sanctions screening: no match
2026-10-07T14:03:44Z [USER LOG] scorecard: grade D, approved
2026-10-07T14:03:45Z [USER LOG] USD document, no conversion needed
2026-10-07T14:03:48Z [USER LOG] report delivered: action=1 tx=0xc75a9c6e9606ca8f77c5d712b23d77a905673ab8daa18c6176f4d11d4618a4a5
2026-10-07T14:03:49Z [USER LOG] loan 2 listed with its own ERC-3643 token TFN2 at 0x8bd27b5aa477b67be62c00747897F1Af85c82277
✓ Workflow Simulation Result:
"{\"listed\":true,\"docNumber\":\"INV-2026-0388\",\"loanId\":\"2\",\"token\":\"0x8bd27b5aa477b67be62c00747897F1Af85c82277\",\"grade\":\"D\",\"aprBps\":1900,\"tenorDays\":1,\"currency\":\"USD\",\"fxRateE8\":\"100000000\",\"target\":\"3200000000\",\"tx\":\"0xc75a9c6e9606ca8f77c5d712b23d77a905673ab8daa18c6176f4d11d4618a4a5\"}"
2026-10-07T14:03:49Z [SIMULATION] Execution finished signal received
2026-10-07T14:03:49Z [SIMULATION] Skipping WorkflowEngineV2
╭──────────────────────────────────────────────────────╮
│ Simulation complete! Ready to deploy your workflow?  │
│                                                      │
│ Run cre account access to request deployment access. │
╰──────────────────────────────────────────────────────╯
