Initializing...
Loading settings...
Checking RPC connectivity...
Compiling workflow...
✓ Workflow compiled
✓ Simulation limits enabled
  HTTP: req=120kb resp=250kb timeout=10s | ConfHTTP: req=125kb resp=500kb timeout=1m30s | Consensus obs=25kb | ChainWrite evm_report=50kb evm_gas=10000000 solana_report=265b solana_cu=300000 | WASM binary=100mb compressed=20mb
  Binary hash: 5aa0e08d1ac8b90f7f5a2bbdd6ac0f90f6c905154d1df42e1c47f01fd822d169
  Config hash: 5fc7147e726d7cbf9504f8ac33cf05cc61ab69c38d83022899f56ed15254fee7
Fetching transaction receipt for 0xbba06c614cd7cb6099b8379a185981baaf51d7f7327fd9f4fa5f933165d783c7...
2026-10-06T23:00:32Z [SIMULATION] Simulator Initialized
2026-10-06T23:00:32Z [SIMULATION] Running trigger trigger=evm:ChainSelector:16015286601757825753@1.0.0
2026-10-06T23:00:32Z [USER LOG] fiat payout PO-B-00004 sent to 0x2f098856b869237CFdbF155f27bdb54703B75de3 for loan 2 (INV-2026-0388)
2026-10-06T23:00:36Z [USER LOG] report delivered: action=4 tx=0xb89bb7888d39ae12235c380fcbc8918ba9ec669fc16b606b65b6412b975cff90
✓ Workflow Simulation Result:
"{\"disbursed\":true,\"loanId\":\"2\",\"ref\":\"INV-2026-0388\",\"amount\":\"3200000000\",\"payoutRef\":\"PO-B-00004\",\"tx\":\"0xb89bb7888d39ae12235c380fcbc8918ba9ec669fc16b606b65b6412b975cff90\"}"
2026-10-06T23:00:36Z [SIMULATION] Execution finished signal received
2026-10-06T23:00:36Z [SIMULATION] Skipping WorkflowEngineV2
╭──────────────────────────────────────────────────────╮
│ Simulation complete! Ready to deploy your workflow?  │
│                                                      │
│ Run cre account access to request deployment access. │
╰──────────────────────────────────────────────────────╯
